[0.083s] DEBUG:colcon:Command line arguments: ['/usr/bin/colcon', 'build', '--packages-select', 'task_urdf', '--symlink-install']
[0.083s] DEBUG:colcon:Parsed command line arguments: Namespace(log_base=None, log_level=None, verb_name='build', build_base='build', install_base='install', merge_install=False, symlink_install=True, test_result_base=None, continue_on_error=False, executor='parallel', parallel_workers=14, event_handlers=None, ignore_user_meta=False, metas=['./colcon.meta'], base_paths=['.'], packages_ignore=None, packages_ignore_regex=None, paths=None, packages_up_to=None, packages_up_to_regex=None, packages_above=None, packages_above_and_dependencies=None, packages_above_depth=None, packages_select_by_dep=None, packages_skip_by_dep=None, packages_skip_up_to=None, packages_select_build_failed=False, packages_skip_build_finished=False, packages_select_test_failures=False, packages_skip_test_passed=False, packages_select=['task_urdf'], packages_skip=None, packages_select_regex=None, packages_skip_regex=None, packages_start=None, packages_end=None, allow_overriding=[], cmake_args=None, cmake_target=None, cmake_target_skip_unavailable=False, cmake_clean_cache=False, cmake_clean_first=False, cmake_force_configure=False, ament_cmake_args=None, catkin_cmake_args=None, catkin_skip_building_tests=False, mixin_files=None, mixin=None, verb_parser=<colcon_mixin.mixin.mixin_argument.MixinArgumentDecorator object at 0x72d579c55f90>, verb_extension=<colcon_core.verb.build.BuildVerb object at 0x72d579c55a50>, main=<bound method BuildVerb.main of <colcon_core.verb.build.BuildVerb object at 0x72d579c55a50>>, mixin_verb=('build',))
[0.171s] Level 1:colcon.colcon_core.package_discovery:discover_packages(colcon_meta) check parameters
[0.171s] Level 1:colcon.colcon_core.package_discovery:discover_packages(recursive) check parameters
[0.171s] Level 1:colcon.colcon_core.package_discovery:discover_packages(ignore) check parameters
[0.171s] Level 1:colcon.colcon_core.package_discovery:discover_packages(path) check parameters
[0.171s] Level 1:colcon.colcon_core.package_discovery:discover_packages(colcon_meta) discover
[0.171s] Level 1:colcon.colcon_core.package_discovery:discover_packages(recursive) discover
[0.171s] INFO:colcon.colcon_core.package_discovery:Crawling recursively for packages in '/home/pranavmaheshwari15/task_ws'
[0.171s] Level 1:colcon.colcon_core.package_identification:_identify(.) by extensions ['ignore', 'ignore_ament_install']
[0.171s] Level 1:colcon.colcon_core.package_identification:_identify(.) by extension 'ignore'
[0.171s] Level 1:colcon.colcon_core.package_identification:_identify(.) by extension 'ignore_ament_install'
[0.171s] Level 1:colcon.colcon_core.package_identification:_identify(.) by extensions ['colcon_pkg']
[0.171s] Level 1:colcon.colcon_core.package_identification:_identify(.) by extension 'colcon_pkg'
[0.171s] Level 1:colcon.colcon_core.package_identification:_identify(.) by extensions ['colcon_meta']
[0.171s] Level 1:colcon.colcon_core.package_identification:_identify(.) by extension 'colcon_meta'
[0.171s] Level 1:colcon.colcon_core.package_identification:_identify(.) by extensions ['ros']
[0.171s] Level 1:colcon.colcon_core.package_identification:_identify(.) by extension 'ros'
[0.178s] Level 1:colcon.colcon_core.package_identification:_identify(.) by extensions ['cmake', 'python']
[0.178s] Level 1:colcon.colcon_core.package_identification:_identify(.) by extension 'cmake'
[0.178s] Level 1:colcon.colcon_core.package_identification:_identify(.) by extension 'python'
[0.178s] Level 1:colcon.colcon_core.package_identification:_identify(.) by extensions ['python_setup_py']
[0.178s] Level 1:colcon.colcon_core.package_identification:_identify(.) by extension 'python_setup_py'
[0.178s] Level 1:colcon.colcon_core.package_identification:_identify(build) by extensions ['ignore', 'ignore_ament_install']
[0.178s] Level 1:colcon.colcon_core.package_identification:_identify(build) by extension 'ignore'
[0.178s] Level 1:colcon.colcon_core.package_identification:_identify(build) ignored
[0.178s] Level 1:colcon.colcon_core.package_identification:_identify(install) by extensions ['ignore', 'ignore_ament_install']
[0.178s] Level 1:colcon.colcon_core.package_identification:_identify(install) by extension 'ignore'
[0.178s] Level 1:colcon.colcon_core.package_identification:_identify(install) ignored
[0.178s] Level 1:colcon.colcon_core.package_identification:_identify(log) by extensions ['ignore', 'ignore_ament_install']
[0.178s] Level 1:colcon.colcon_core.package_identification:_identify(log) by extension 'ignore'
[0.178s] Level 1:colcon.colcon_core.package_identification:_identify(log) ignored
[0.178s] Level 1:colcon.colcon_core.package_identification:_identify(src) by extensions ['ignore', 'ignore_ament_install']
[0.178s] Level 1:colcon.colcon_core.package_identification:_identify(src) by extension 'ignore'
[0.178s] Level 1:colcon.colcon_core.package_identification:_identify(src) by extension 'ignore_ament_install'
[0.178s] Level 1:colcon.colcon_core.package_identification:_identify(src) by extensions ['colcon_pkg']
[0.178s] Level 1:colcon.colcon_core.package_identification:_identify(src) by extension 'colcon_pkg'
[0.178s] Level 1:colcon.colcon_core.package_identification:_identify(src) by extensions ['colcon_meta']
[0.178s] Level 1:colcon.colcon_core.package_identification:_identify(src) by extension 'colcon_meta'
[0.178s] Level 1:colcon.colcon_core.package_identification:_identify(src) by extensions ['ros']
[0.178s] Level 1:colcon.colcon_core.package_identification:_identify(src) by extension 'ros'
[0.178s] Level 1:colcon.colcon_core.package_identification:_identify(src) by extensions ['cmake', 'python']
[0.178s] Level 1:colcon.colcon_core.package_identification:_identify(src) by extension 'cmake'
[0.178s] Level 1:colcon.colcon_core.package_identification:_identify(src) by extension 'python'
[0.178s] Level 1:colcon.colcon_core.package_identification:_identify(src) by extensions ['python_setup_py']
[0.178s] Level 1:colcon.colcon_core.package_identification:_identify(src) by extension 'python_setup_py'
[0.178s] Level 1:colcon.colcon_core.package_identification:_identify(src/task_urdf) by extensions ['ignore', 'ignore_ament_install']
[0.179s] Level 1:colcon.colcon_core.package_identification:_identify(src/task_urdf) by extension 'ignore'
[0.179s] Level 1:colcon.colcon_core.package_identification:_identify(src/task_urdf) by extension 'ignore_ament_install'
[0.179s] Level 1:colcon.colcon_core.package_identification:_identify(src/task_urdf) by extensions ['colcon_pkg']
[0.179s] Level 1:colcon.colcon_core.package_identification:_identify(src/task_urdf) by extension 'colcon_pkg'
[0.179s] Level 1:colcon.colcon_core.package_identification:_identify(src/task_urdf) by extensions ['colcon_meta']
[0.179s] Level 1:colcon.colcon_core.package_identification:_identify(src/task_urdf) by extension 'colcon_meta'
[0.179s] Level 1:colcon.colcon_core.package_identification:_identify(src/task_urdf) by extensions ['ros']
[0.179s] Level 1:colcon.colcon_core.package_identification:_identify(src/task_urdf) by extension 'ros'
[0.180s] DEBUG:colcon.colcon_core.package_identification:Package 'src/task_urdf' with type 'ros.ament_python' and name 'task_urdf'
[0.180s] Level 1:colcon.colcon_core.package_discovery:discover_packages(recursive) using defaults
[0.180s] Level 1:colcon.colcon_core.package_discovery:discover_packages(ignore) discover
[0.180s] Level 1:colcon.colcon_core.package_discovery:discover_packages(ignore) using defaults
[0.180s] Level 1:colcon.colcon_core.package_discovery:discover_packages(path) discover
[0.180s] Level 1:colcon.colcon_core.package_discovery:discover_packages(path) using defaults
[0.201s] Level 1:colcon.colcon_core.package_discovery:discover_packages(prefix_path) check parameters
[0.201s] Level 1:colcon.colcon_core.package_discovery:discover_packages(prefix_path) discover
[0.203s] DEBUG:colcon.colcon_installed_package_information.package_discovery:Found 330 installed packages in /opt/ros/humble
[0.204s] Level 1:colcon.colcon_core.package_discovery:discover_packages(prefix_path) using defaults
[0.228s] Level 5:colcon.colcon_core.verb:set package 'task_urdf' build argument 'cmake_args' from command line to 'None'
[0.228s] Level 5:colcon.colcon_core.verb:set package 'task_urdf' build argument 'cmake_target' from command line to 'None'
[0.228s] Level 5:colcon.colcon_core.verb:set package 'task_urdf' build argument 'cmake_target_skip_unavailable' from command line to 'False'
[0.228s] Level 5:colcon.colcon_core.verb:set package 'task_urdf' build argument 'cmake_clean_cache' from command line to 'False'
[0.228s] Level 5:colcon.colcon_core.verb:set package 'task_urdf' build argument 'cmake_clean_first' from command line to 'False'
[0.228s] Level 5:colcon.colcon_core.verb:set package 'task_urdf' build argument 'cmake_force_configure' from command line to 'False'
[0.228s] Level 5:colcon.colcon_core.verb:set package 'task_urdf' build argument 'ament_cmake_args' from command line to 'None'
[0.228s] Level 5:colcon.colcon_core.verb:set package 'task_urdf' build argument 'catkin_cmake_args' from command line to 'None'
[0.228s] Level 5:colcon.colcon_core.verb:set package 'task_urdf' build argument 'catkin_skip_building_tests' from command line to 'False'
[0.228s] DEBUG:colcon.colcon_core.verb:Building package 'task_urdf' with the following arguments: {'ament_cmake_args': None, 'build_base': '/home/pranavmaheshwari15/task_ws/build/task_urdf', 'catkin_cmake_args': None, 'catkin_skip_building_tests': False, 'cmake_args': None, 'cmake_clean_cache': False, 'cmake_clean_first': False, 'cmake_force_configure': False, 'cmake_target': None, 'cmake_target_skip_unavailable': False, 'install_base': '/home/pranavmaheshwari15/task_ws/install/task_urdf', 'merge_install': False, 'path': '/home/pranavmaheshwari15/task_ws/src/task_urdf', 'symlink_install': True, 'test_result_base': None}
[0.228s] INFO:colcon.colcon_core.executor:Executing jobs using 'parallel' executor
[0.230s] DEBUG:colcon.colcon_parallel_executor.executor.parallel:run_until_complete
[0.230s] INFO:colcon.colcon_ros.task.ament_python.build:Building ROS package in '/home/pranavmaheshwari15/task_ws/src/task_urdf' with build type 'ament_python'
[0.230s] Level 1:colcon.colcon_core.shell:create_environment_hook('task_urdf', 'ament_prefix_path')
[0.231s] INFO:colcon.colcon_core.plugin_system:Skipping extension 'colcon_core.shell.bat': Not used on non-Windows systems
[0.232s] INFO:colcon.colcon_core.shell:Creating environment hook '/home/pranavmaheshwari15/task_ws/install/task_urdf/share/task_urdf/hook/ament_prefix_path.ps1'
[0.232s] INFO:colcon.colcon_core.shell:Creating environment descriptor '/home/pranavmaheshwari15/task_ws/install/task_urdf/share/task_urdf/hook/ament_prefix_path.dsv'
[0.232s] INFO:colcon.colcon_core.shell:Creating environment hook '/home/pranavmaheshwari15/task_ws/install/task_urdf/share/task_urdf/hook/ament_prefix_path.sh'
[0.233s] INFO:colcon.colcon_core.shell:Skip shell extension 'powershell' for command environment: Not usable outside of PowerShell
[0.233s] DEBUG:colcon.colcon_core.shell:Skip shell extension 'dsv' for command environment
[0.388s] INFO:colcon.colcon_core.task.python.build:Building Python package in '/home/pranavmaheshwari15/task_ws/src/task_urdf'
[0.388s] INFO:colcon.colcon_core.shell:Skip shell extension 'powershell' for command environment: Not usable outside of PowerShell
[0.388s] DEBUG:colcon.colcon_core.shell:Skip shell extension 'dsv' for command environment
[0.647s] DEBUG:colcon.colcon_core.task.python.build:Available setuptools commands: register, develop, install_scripts, saveopts, build_clib, setopt, symlink_data, build_scripts, update_catalog, dist_info, test, extract_messages, upload_docs, build_ext, install_headers, install, install_data, sdist, upload, bdist, rotate, compile_catalog, check, clean, install_egg_info, build, bdist_dumb, build_py, install_lib, bdist_rpm, alias, easy_install, init_catalog, bdist_egg, egg_info
[0.823s] DEBUG:colcon.colcon_core.task.python.build:Available setuptools 'develop' options: --always-unzip, --script-dir, --no-find-links, --no-user-cfg, --no-deps, --verbose, --help, --optimize, --record, --always-copy, --install-layout, --find-links, --zip-ok, --exclude-scripts, --site-dirs, --local-snapshots-ok, --allow-hosts, --install-dir, --user, --prefix, --version, --quiet, --index-url, --upgrade, --build-directory, --multi-version, --force-installation-into-system-dir, --dry-run, --editable, --uninstall, --egg-path
[0.825s] DEBUG:colcon.colcon_core.event_handler.log_command:Invoking command in '/home/pranavmaheshwari15/task_ws/build/task_urdf': PYTHONPATH=/home/pranavmaheshwari15/task_ws/build/task_urdf/prefix_override:/usr/lib/python3/dist-packages/colcon_core/task/python/colcon_distutils_commands:/home/pranavmaheshwari15/task_ws/install/task_urdf/lib/python3.10/site-packages:${PYTHONPATH} /usr/bin/python3 -W ignore:setup.py install is deprecated -W ignore:easy_install command is deprecated setup.py develop --editable --build-directory /home/pranavmaheshwari15/task_ws/build/task_urdf/build --no-deps symlink_data
[1.118s] Level 1:colcon.colcon_core.shell:create_environment_hook('task_urdf', 'pythonpath_develop')
[1.118s] INFO:colcon.colcon_core.shell:Creating environment hook '/home/pranavmaheshwari15/task_ws/build/task_urdf/share/task_urdf/hook/pythonpath_develop.ps1'
[1.119s] DEBUG:colcon.colcon_core.event_handler.log_command:Invoked command in '/home/pranavmaheshwari15/task_ws/build/task_urdf' returned '0': PYTHONPATH=/home/pranavmaheshwari15/task_ws/build/task_urdf/prefix_override:/usr/lib/python3/dist-packages/colcon_core/task/python/colcon_distutils_commands:/home/pranavmaheshwari15/task_ws/install/task_urdf/lib/python3.10/site-packages:${PYTHONPATH} /usr/bin/python3 -W ignore:setup.py install is deprecated -W ignore:easy_install command is deprecated setup.py develop --editable --build-directory /home/pranavmaheshwari15/task_ws/build/task_urdf/build --no-deps symlink_data
[1.119s] INFO:colcon.colcon_core.shell:Creating environment descriptor '/home/pranavmaheshwari15/task_ws/build/task_urdf/share/task_urdf/hook/pythonpath_develop.dsv'
[1.120s] INFO:colcon.colcon_core.shell:Creating environment hook '/home/pranavmaheshwari15/task_ws/build/task_urdf/share/task_urdf/hook/pythonpath_develop.sh'
[1.122s] Level 1:colcon.colcon_core.environment:checking '/home/pranavmaheshwari15/task_ws/install/task_urdf' for CMake module files
[1.122s] Level 1:colcon.colcon_core.environment:checking '/home/pranavmaheshwari15/task_ws/install/task_urdf' for CMake config files
[1.123s] Level 1:colcon.colcon_core.environment:checking '/home/pranavmaheshwari15/task_ws/install/task_urdf/lib'
[1.123s] Level 1:colcon.colcon_core.environment:checking '/home/pranavmaheshwari15/task_ws/install/task_urdf/bin'
[1.123s] Level 1:colcon.colcon_core.environment:checking '/home/pranavmaheshwari15/task_ws/install/task_urdf/lib/pkgconfig/task_urdf.pc'
[1.123s] Level 1:colcon.colcon_core.environment:checking '/home/pranavmaheshwari15/task_ws/install/task_urdf/lib/python3.10/site-packages'
[1.123s] Level 1:colcon.colcon_core.shell:create_environment_hook('task_urdf', 'pythonpath')
[1.123s] INFO:colcon.colcon_core.shell:Creating environment hook '/home/pranavmaheshwari15/task_ws/install/task_urdf/share/task_urdf/hook/pythonpath.ps1'
[1.123s] INFO:colcon.colcon_core.shell:Creating environment descriptor '/home/pranavmaheshwari15/task_ws/install/task_urdf/share/task_urdf/hook/pythonpath.dsv'
[1.124s] INFO:colcon.colcon_core.shell:Creating environment hook '/home/pranavmaheshwari15/task_ws/install/task_urdf/share/task_urdf/hook/pythonpath.sh'
[1.124s] Level 1:colcon.colcon_core.environment:checking '/home/pranavmaheshwari15/task_ws/install/task_urdf/bin'
[1.124s] Level 1:colcon.colcon_core.environment:create_environment_scripts_only(task_urdf)
[1.124s] INFO:colcon.colcon_core.shell:Creating package script '/home/pranavmaheshwari15/task_ws/install/task_urdf/share/task_urdf/package.ps1'
[1.125s] INFO:colcon.colcon_core.shell:Creating package descriptor '/home/pranavmaheshwari15/task_ws/install/task_urdf/share/task_urdf/package.dsv'
[1.125s] INFO:colcon.colcon_core.shell:Creating package script '/home/pranavmaheshwari15/task_ws/install/task_urdf/share/task_urdf/package.sh'
[1.126s] INFO:colcon.colcon_core.shell:Creating package script '/home/pranavmaheshwari15/task_ws/install/task_urdf/share/task_urdf/package.bash'
[1.126s] INFO:colcon.colcon_core.shell:Creating package script '/home/pranavmaheshwari15/task_ws/install/task_urdf/share/task_urdf/package.zsh'
[1.127s] Level 1:colcon.colcon_core.environment:create_file_with_runtime_dependencies(/home/pranavmaheshwari15/task_ws/install/task_urdf/share/colcon-core/packages/task_urdf)
[1.127s] DEBUG:colcon.colcon_parallel_executor.executor.parallel:closing loop
[1.127s] DEBUG:colcon.colcon_parallel_executor.executor.parallel:loop closed
[1.127s] DEBUG:colcon.colcon_parallel_executor.executor.parallel:run_until_complete finished with '0'
[1.127s] DEBUG:colcon.colcon_core.event_reactor:joining thread
[1.135s] INFO:colcon.colcon_core.plugin_system:Skipping extension 'colcon_notification.desktop_notification.terminal_notifier': Not used on non-Darwin systems
[1.135s] INFO:colcon.colcon_core.plugin_system:Skipping extension 'colcon_notification.desktop_notification.win32': Not used on non-Windows systems
[1.135s] INFO:colcon.colcon_notification.desktop_notification:Sending desktop notification using 'notify2'
[1.160s] DEBUG:colcon.colcon_core.event_reactor:joined thread
[1.161s] INFO:colcon.colcon_core.shell:Creating prefix script '/home/pranavmaheshwari15/task_ws/install/local_setup.ps1'
[1.162s] INFO:colcon.colcon_core.shell:Creating prefix util module '/home/pranavmaheshwari15/task_ws/install/_local_setup_util_ps1.py'
[1.164s] INFO:colcon.colcon_core.shell:Creating prefix chain script '/home/pranavmaheshwari15/task_ws/install/setup.ps1'
[1.165s] INFO:colcon.colcon_core.shell:Creating prefix script '/home/pranavmaheshwari15/task_ws/install/local_setup.sh'
[1.166s] INFO:colcon.colcon_core.shell:Creating prefix util module '/home/pranavmaheshwari15/task_ws/install/_local_setup_util_sh.py'
[1.167s] INFO:colcon.colcon_core.shell:Creating prefix chain script '/home/pranavmaheshwari15/task_ws/install/setup.sh'
[1.168s] INFO:colcon.colcon_core.shell:Creating prefix script '/home/pranavmaheshwari15/task_ws/install/local_setup.bash'
[1.169s] INFO:colcon.colcon_core.shell:Creating prefix chain script '/home/pranavmaheshwari15/task_ws/install/setup.bash'
[1.170s] INFO:colcon.colcon_core.shell:Creating prefix script '/home/pranavmaheshwari15/task_ws/install/local_setup.zsh'
[1.170s] INFO:colcon.colcon_core.shell:Creating prefix chain script '/home/pranavmaheshwari15/task_ws/install/setup.zsh'
