running egg_info
creating ../../build/task_urdf/task_urdf.egg-info
writing ../../build/task_urdf/task_urdf.egg-info/PKG-INFO
writing dependency_links to ../../build/task_urdf/task_urdf.egg-info/dependency_links.txt
writing entry points to ../../build/task_urdf/task_urdf.egg-info/entry_points.txt
writing requirements to ../../build/task_urdf/task_urdf.egg-info/requires.txt
writing top-level names to ../../build/task_urdf/task_urdf.egg-info/top_level.txt
writing manifest file '../../build/task_urdf/task_urdf.egg-info/SOURCES.txt'
reading manifest file '../../build/task_urdf/task_urdf.egg-info/SOURCES.txt'
writing manifest file '../../build/task_urdf/task_urdf.egg-info/SOURCES.txt'
running build
running build_py
creating /home/pranavmaheshwari15/task_ws/build/task_urdf/build
creating /home/pranavmaheshwari15/task_ws/build/task_urdf/build/lib
creating /home/pranavmaheshwari15/task_ws/build/task_urdf/build/lib/task_urdf
copying task_urdf/__init__.py -> /home/pranavmaheshwari15/task_ws/build/task_urdf/build/lib/task_urdf
running install
running install_lib
creating /home/pranavmaheshwari15/task_ws/install/task_urdf/lib/python3.10/site-packages/task_urdf
copying /home/pranavmaheshwari15/task_ws/build/task_urdf/build/lib/task_urdf/__init__.py -> /home/pranavmaheshwari15/task_ws/install/task_urdf/lib/python3.10/site-packages/task_urdf
byte-compiling /home/pranavmaheshwari15/task_ws/install/task_urdf/lib/python3.10/site-packages/task_urdf/__init__.py to __init__.cpython-310.pyc
running install_data
creating /home/pranavmaheshwari15/task_ws/install/task_urdf/share/ament_index
creating /home/pranavmaheshwari15/task_ws/install/task_urdf/share/ament_index/resource_index
creating /home/pranavmaheshwari15/task_ws/install/task_urdf/share/ament_index/resource_index/packages
copying resource/task_urdf -> /home/pranavmaheshwari15/task_ws/install/task_urdf/share/ament_index/resource_index/packages
copying package.xml -> /home/pranavmaheshwari15/task_ws/install/task_urdf/share/task_urdf
creating /home/pranavmaheshwari15/task_ws/install/task_urdf/share/task_urdf/launch
creating /home/pranavmaheshwari15/task_ws/install/task_urdf/share/task_urdf/urdf
copying urdf/sedan.urdf -> /home/pranavmaheshwari15/task_ws/install/task_urdf/share/task_urdf/urdf
running install_egg_info
Copying ../../build/task_urdf/task_urdf.egg-info to /home/pranavmaheshwari15/task_ws/install/task_urdf/lib/python3.10/site-packages/task_urdf-0.0.0-py3.10.egg-info
running install_scripts
writing list of installed files to '/home/pranavmaheshwari15/task_ws/build/task_urdf/install.log'
