[0.373s] Invoking command in '/home/pranavmaheshwari15/task_ws/src/task_urdf': PYTHONPATH=/home/pranavmaheshwari15/task_ws/build/task_urdf/prefix_override:/usr/lib/python3/dist-packages/colcon_core/task/python/colcon_distutils_commands:/home/pranavmaheshwari15/task_ws/install/task_urdf/lib/python3.10/site-packages:${PYTHONPATH} /usr/bin/python3 -W ignore:setup.py install is deprecated -W ignore:easy_install command is deprecated setup.py egg_info --egg-base ../../build/task_urdf build --build-base /home/pranavmaheshwari15/task_ws/build/task_urdf/build install --record /home/pranavmaheshwari15/task_ws/build/task_urdf/install.log --install-scripts $base/lib/task_urdf --single-version-externally-managed install_data
[0.511s] running egg_info
[0.511s] writing ../../build/task_urdf/task_urdf.egg-info/PKG-INFO
[0.511s] writing dependency_links to ../../build/task_urdf/task_urdf.egg-info/dependency_links.txt
[0.511s] writing entry points to ../../build/task_urdf/task_urdf.egg-info/entry_points.txt
[0.512s] writing requirements to ../../build/task_urdf/task_urdf.egg-info/requires.txt
[0.512s] writing top-level names to ../../build/task_urdf/task_urdf.egg-info/top_level.txt
[0.512s] reading manifest file '../../build/task_urdf/task_urdf.egg-info/SOURCES.txt'
[0.513s] writing manifest file '../../build/task_urdf/task_urdf.egg-info/SOURCES.txt'
[0.513s] running build
[0.513s] running build_py
[0.513s] running install
[0.513s] running install_lib
[0.513s] running install_data
[0.514s] copying urdf/sedan.urdf.xacro -> /home/pranavmaheshwari15/task_ws/install/task_urdf/share/task_urdf/urdf
[0.514s] running install_egg_info
[0.515s] removing '/home/pranavmaheshwari15/task_ws/install/task_urdf/lib/python3.10/site-packages/task_urdf-0.0.0-py3.10.egg-info' (and everything under it)
[0.515s] Copying ../../build/task_urdf/task_urdf.egg-info to /home/pranavmaheshwari15/task_ws/install/task_urdf/lib/python3.10/site-packages/task_urdf-0.0.0-py3.10.egg-info
[0.515s] running install_scripts
[0.528s] writing list of installed files to '/home/pranavmaheshwari15/task_ws/build/task_urdf/install.log'
[0.545s] Invoked command in '/home/pranavmaheshwari15/task_ws/src/task_urdf' returned '0': PYTHONPATH=/home/pranavmaheshwari15/task_ws/build/task_urdf/prefix_override:/usr/lib/python3/dist-packages/colcon_core/task/python/colcon_distutils_commands:/home/pranavmaheshwari15/task_ws/install/task_urdf/lib/python3.10/site-packages:${PYTHONPATH} /usr/bin/python3 -W ignore:setup.py install is deprecated -W ignore:easy_install command is deprecated setup.py egg_info --egg-base ../../build/task_urdf build --build-base /home/pranavmaheshwari15/task_ws/build/task_urdf/build install --record /home/pranavmaheshwari15/task_ws/build/task_urdf/install.log --install-scripts $base/lib/task_urdf --single-version-externally-managed install_data
