[0.066s] DEBUG:colcon:Command line arguments: ['/usr/bin/colcon', 'build', '--symlink-install', '--packages-select', 'task_urdf']
[0.066s] DEBUG:colcon:Parsed command line arguments: Namespace(log_base=None, log_level=None, verb_name='build', build_base='build', install_base='install', merge_install=False, symlink_install=True, test_result_base=None, continue_on_error=False, executor='parallel', parallel_workers=14, event_handlers=None, ignore_user_meta=False, metas=['./colcon.meta'], base_paths=['.'], packages_ignore=None, packages_ignore_regex=None, paths=None, packages_up_to=None, packages_up_to_regex=None, packages_above=None, packages_above_and_dependencies=None, packages_above_depth=None, packages_select_by_dep=None, packages_skip_by_dep=None, packages_skip_up_to=None, packages_select_build_failed=False, packages_skip_build_finished=False, packages_select_test_failures=False, packages_skip_test_passed=False, packages_select=['task_urdf'], packages_skip=None, packages_select_regex=None, packages_skip_regex=None, packages_start=None, packages_end=None, allow_overriding=[], cmake_args=None, cmake_target=None, cmake_target_skip_unavailable=False, cmake_clean_cache=False, cmake_clean_first=False, cmake_force_configure=False, ament_cmake_args=None, catkin_cmake_args=None, catkin_skip_building_tests=False, mixin_files=None, mixin=None, verb_parser=<colcon_mixin.mixin.mixin_argument.MixinArgumentDecorator object at 0x7d1ab9b55cf0>, verb_extension=<colcon_core.verb.build.BuildVerb object at 0x7d1ab9b557b0>, main=<bound method BuildVerb.main of <colcon_core.verb.build.BuildVerb object at 0x7d1ab9b557b0>>, mixin_verb=('build',))
[0.153s] Level 1:colcon.colcon_core.package_discovery:discover_packages(colcon_meta) check parameters
[0.153s] Level 1:colcon.colcon_core.package_discovery:discover_packages(recursive) check parameters
[0.153s] Level 1:colcon.colcon_core.package_discovery:discover_packages(ignore) check parameters
[0.153s] Level 1:colcon.colcon_core.package_discovery:discover_packages(path) check parameters
[0.153s] Level 1:colcon.colcon_core.package_discovery:discover_packages(colcon_meta) discover
[0.153s] Level 1:colcon.colcon_core.package_discovery:discover_packages(recursive) discover
[0.153s] INFO:colcon.colcon_core.package_discovery:Crawling recursively for packages in '/home/pranavmaheshwari15/task_ws'
[0.153s] Level 1:colcon.colcon_core.package_identification:_identify(.) by extensions ['ignore', 'ignore_ament_install']
[0.153s] Level 1:colcon.colcon_core.package_identification:_identify(.) by extension 'ignore'
[0.153s] Level 1:colcon.colcon_core.package_identification:_identify(.) by extension 'ignore_ament_install'
[0.153s] Level 1:colcon.colcon_core.package_identification:_identify(.) by extensions ['colcon_pkg']
[0.153s] Level 1:colcon.colcon_core.package_identification:_identify(.) by extension 'colcon_pkg'
[0.153s] Level 1:colcon.colcon_core.package_identification:_identify(.) by extensions ['colcon_meta']
[0.153s] Level 1:colcon.colcon_core.package_identification:_identify(.) by extension 'colcon_meta'
[0.153s] Level 1:colcon.colcon_core.package_identification:_identify(.) by extensions ['ros']
[0.153s] Level 1:colcon.colcon_core.package_identification:_identify(.) by extension 'ros'
[0.159s] Level 1:colcon.colcon_core.package_identification:_identify(.) by extensions ['cmake', 'python']
[0.159s] Level 1:colcon.colcon_core.package_identification:_identify(.) by extension 'cmake'
[0.159s] Level 1:colcon.colcon_core.package_identification:_identify(.) by extension 'python'
[0.159s] Level 1:colcon.colcon_core.package_identification:_identify(.) by extensions ['python_setup_py']
[0.159s] Level 1:colcon.colcon_core.package_identification:_identify(.) by extension 'python_setup_py'
[0.159s] Level 1:colcon.colcon_core.package_identification:_identify(build) by extensions ['ignore', 'ignore_ament_install']
[0.160s] Level 1:colcon.colcon_core.package_identification:_identify(build) by extension 'ignore'
[0.160s] Level 1:colcon.colcon_core.package_identification:_identify(build) ignored
[0.160s] Level 1:colcon.colcon_core.package_identification:_identify(install) by extensions ['ignore', 'ignore_ament_install']
[0.160s] Level 1:colcon.colcon_core.package_identification:_identify(install) by extension 'ignore'
[0.160s] Level 1:colcon.colcon_core.package_identification:_identify(install) ignored
[0.160s] Level 1:colcon.colcon_core.package_identification:_identify(log) by extensions ['ignore', 'ignore_ament_install']
[0.160s] Level 1:colcon.colcon_core.package_identification:_identify(log) by extension 'ignore'
[0.160s] Level 1:colcon.colcon_core.package_identification:_identify(log) ignored
[0.160s] Level 1:colcon.colcon_core.package_identification:_identify(src) by extensions ['ignore', 'ignore_ament_install']
[0.160s] Level 1:colcon.colcon_core.package_identification:_identify(src) by extension 'ignore'
[0.160s] Level 1:colcon.colcon_core.package_identification:_identify(src) by extension 'ignore_ament_install'
[0.160s] Level 1:colcon.colcon_core.package_identification:_identify(src) by extensions ['colcon_pkg']
[0.160s] Level 1:colcon.colcon_core.package_identification:_identify(src) by extension 'colcon_pkg'
[0.160s] Level 1:colcon.colcon_core.package_identification:_identify(src) by extensions ['colcon_meta']
[0.160s] Level 1:colcon.colcon_core.package_identification:_identify(src) by extension 'colcon_meta'
[0.160s] Level 1:colcon.colcon_core.package_identification:_identify(src) by extensions ['ros']
[0.160s] Level 1:colcon.colcon_core.package_identification:_identify(src) by extension 'ros'
[0.160s] Level 1:colcon.colcon_core.package_identification:_identify(src) by extensions ['cmake', 'python']
[0.160s] Level 1:colcon.colcon_core.package_identification:_identify(src) by extension 'cmake'
[0.160s] Level 1:colcon.colcon_core.package_identification:_identify(src) by extension 'python'
[0.160s] Level 1:colcon.colcon_core.package_identification:_identify(src) by extensions ['python_setup_py']
[0.160s] Level 1:colcon.colcon_core.package_identification:_identify(src) by extension 'python_setup_py'
[0.160s] Level 1:colcon.colcon_core.package_identification:_identify(src/task_urdf) by extensions ['ignore', 'ignore_ament_install']
[0.160s] Level 1:colcon.colcon_core.package_identification:_identify(src/task_urdf) by extension 'ignore'
[0.160s] Level 1:colcon.colcon_core.package_identification:_identify(src/task_urdf) by extension 'ignore_ament_install'
[0.160s] Level 1:colcon.colcon_core.package_identification:_identify(src/task_urdf) by extensions ['colcon_pkg']
[0.160s] Level 1:colcon.colcon_core.package_identification:_identify(src/task_urdf) by extension 'colcon_pkg'
[0.160s] Level 1:colcon.colcon_core.package_identification:_identify(src/task_urdf) by extensions ['colcon_meta']
[0.160s] Level 1:colcon.colcon_core.package_identification:_identify(src/task_urdf) by extension 'colcon_meta'
[0.160s] Level 1:colcon.colcon_core.package_identification:_identify(src/task_urdf) by extensions ['ros']
[0.160s] Level 1:colcon.colcon_core.package_identification:_identify(src/task_urdf) by extension 'ros'
[0.162s] DEBUG:colcon.colcon_core.package_identification:Package 'src/task_urdf' with type 'ros.ament_python' and name 'task_urdf'
[0.162s] Level 1:colcon.colcon_core.package_discovery:discover_packages(recursive) using defaults
[0.162s] Level 1:colcon.colcon_core.package_discovery:discover_packages(ignore) discover
[0.162s] Level 1:colcon.colcon_core.package_discovery:discover_packages(ignore) using defaults
[0.162s] Level 1:colcon.colcon_core.package_discovery:discover_packages(path) discover
[0.162s] Level 1:colcon.colcon_core.package_discovery:discover_packages(path) using defaults
[0.180s] Level 1:colcon.colcon_core.package_discovery:discover_packages(prefix_path) check parameters
[0.180s] Level 1:colcon.colcon_core.package_discovery:discover_packages(prefix_path) discover
[0.181s] DEBUG:colcon.colcon_installed_package_information.package_discovery:Found 302 installed packages in /opt/ros/humble
[0.182s] Level 1:colcon.colcon_core.package_discovery:discover_packages(prefix_path) using defaults
[0.204s] Level 5:colcon.colcon_core.verb:set package 'task_urdf' build argument 'cmake_args' from command line to 'None'
[0.204s] Level 5:colcon.colcon_core.verb:set package 'task_urdf' build argument 'cmake_target' from command line to 'None'
[0.204s] Level 5:colcon.colcon_core.verb:set package 'task_urdf' build argument 'cmake_target_skip_unavailable' from command line to 'False'
[0.204s] Level 5:colcon.colcon_core.verb:set package 'task_urdf' build argument 'cmake_clean_cache' from command line to 'False'
[0.204s] Level 5:colcon.colcon_core.verb:set package 'task_urdf' build argument 'cmake_clean_first' from command line to 'False'
[0.204s] Level 5:colcon.colcon_core.verb:set package 'task_urdf' build argument 'cmake_force_configure' from command line to 'False'
[0.204s] Level 5:colcon.colcon_core.verb:set package 'task_urdf' build argument 'ament_cmake_args' from command line to 'None'
[0.204s] Level 5:colcon.colcon_core.verb:set package 'task_urdf' build argument 'catkin_cmake_args' from command line to 'None'
[0.204s] Level 5:colcon.colcon_core.verb:set package 'task_urdf' build argument 'catkin_skip_building_tests' from command line to 'False'
[0.204s] DEBUG:colcon.colcon_core.verb:Building package 'task_urdf' with the following arguments: {'ament_cmake_args': None, 'build_base': '/home/pranavmaheshwari15/task_ws/build/task_urdf', 'catkin_cmake_args': None, 'catkin_skip_building_tests': False, 'cmake_args': None, 'cmake_clean_cache': False, 'cmake_clean_first': False, 'cmake_force_configure': False, 'cmake_target': None, 'cmake_target_skip_unavailable': False, 'install_base': '/home/pranavmaheshwari15/task_ws/install/task_urdf', 'merge_install': False, 'path': '/home/pranavmaheshwari15/task_ws/src/task_urdf', 'symlink_install': True, 'test_result_base': None}
[0.204s] INFO:colcon.colcon_core.executor:Executing jobs using 'parallel' executor
[0.205s] DEBUG:colcon.colcon_parallel_executor.executor.parallel:run_until_complete
[0.206s] INFO:colcon.colcon_ros.task.ament_python.build:Building ROS package in '/home/pranavmaheshwari15/task_ws/src/task_urdf' with build type 'ament_python'
[0.206s] Level 1:colcon.colcon_core.shell:create_environment_hook('task_urdf', 'ament_prefix_path')
[0.209s] INFO:colcon.colcon_core.plugin_system:Skipping extension 'colcon_core.shell.bat': Not used on non-Windows systems
[0.209s] INFO:colcon.colcon_core.shell:Creating environment hook '/home/pranavmaheshwari15/task_ws/install/task_urdf/share/task_urdf/hook/ament_prefix_path.ps1'
[0.210s] INFO:colcon.colcon_core.shell:Creating environment descriptor '/home/pranavmaheshwari15/task_ws/install/task_urdf/share/task_urdf/hook/ament_prefix_path.dsv'
[0.211s] INFO:colcon.colcon_core.shell:Creating environment hook '/home/pranavmaheshwari15/task_ws/install/task_urdf/share/task_urdf/hook/ament_prefix_path.sh'
[0.212s] INFO:colcon.colcon_core.shell:Skip shell extension 'powershell' for command environment: Not usable outside of PowerShell
[0.212s] DEBUG:colcon.colcon_core.shell:Skip shell extension 'dsv' for command environment
[0.374s] INFO:colcon.colcon_core.task.python.build:Building Python package in '/home/pranavmaheshwari15/task_ws/src/task_urdf'
[0.375s] INFO:colcon.colcon_core.shell:Skip shell extension 'powershell' for command environment: Not usable outside of PowerShell
[0.375s] DEBUG:colcon.colcon_core.shell:Skip shell extension 'dsv' for command environment
[0.596s] DEBUG:colcon.colcon_core.task.python.build:Available setuptools commands: build_py, install_headers, bdist_dumb, register, install_lib, symlink_data, egg_info, build_scripts, install_egg_info, update_catalog, compile_catalog, build_ext, bdist_rpm, build, install_scripts, sdist, develop, check, extract_messages, setopt, upload, upload_docs, dist_info, easy_install, clean, install, saveopts, build_clib, install_data, bdist, bdist_egg, rotate, alias, init_catalog, test
[0.756s] DEBUG:colcon.colcon_core.task.python.build:Available setuptools 'develop' options: --find-links, --index-url, --optimize, --local-snapshots-ok, --exclude-scripts, --verbose, --no-user-cfg, --force-installation-into-system-dir, --script-dir, --version, --allow-hosts, --prefix, --uninstall, --dry-run, --install-layout, --help, --install-dir, --no-find-links, --build-directory, --multi-version, --editable, --no-deps, --egg-path, --upgrade, --record, --user, --always-unzip, --quiet, --zip-ok, --always-copy, --site-dirs
[0.757s] DEBUG:colcon.colcon_core.task.python.build:While undoing a previous installation files outside the Python library path are being ignored: /home/pranavmaheshwari15/task_ws/install/task_urdf/share/ament_index/resource_index/packages/task_urdf
[0.757s] DEBUG:colcon.colcon_core.task.python.build:While undoing a previous installation files outside the Python library path are being ignored: /home/pranavmaheshwari15/task_ws/install/task_urdf/share/task_urdf/package.xml
[0.757s] DEBUG:colcon.colcon_core.task.python.build:While undoing a previous installation files outside the Python library path are being ignored: /home/pranavmaheshwari15/task_ws/install/task_urdf/share/task_urdf/launch/demo.launch.py
[0.757s] DEBUG:colcon.colcon_core.task.python.build:While undoing a previous installation files outside the Python library path are being ignored: /home/pranavmaheshwari15/task_ws/install/task_urdf/share/task_urdf/urdf/sedan.xacro
[0.757s] DEBUG:colcon.colcon_core.task.python.build:While undoing a previous installation files outside the Python library path are being ignored: /home/pranavmaheshwari15/task_ws/install/task_urdf/lib/task_urdf/state_publisher
[0.761s] DEBUG:colcon.colcon_core.event_handler.log_command:Invoking command in '/home/pranavmaheshwari15/task_ws/build/task_urdf': PYTHONPATH=/home/pranavmaheshwari15/task_ws/build/task_urdf/prefix_override:/usr/lib/python3/dist-packages/colcon_core/task/python/colcon_distutils_commands:/home/pranavmaheshwari15/task_ws/install/task_urdf/lib/python3.10/site-packages:${PYTHONPATH} /usr/bin/python3 -W ignore:setup.py install is deprecated -W ignore:easy_install command is deprecated setup.py develop --editable --build-directory /home/pranavmaheshwari15/task_ws/build/task_urdf/build --no-deps symlink_data --force
[1.035s] Level 1:colcon.colcon_core.shell:create_environment_hook('task_urdf', 'pythonpath_develop')
[1.035s] INFO:colcon.colcon_core.shell:Creating environment hook '/home/pranavmaheshwari15/task_ws/build/task_urdf/share/task_urdf/hook/pythonpath_develop.ps1'
[1.037s] DEBUG:colcon.colcon_core.event_handler.log_command:Invoked command in '/home/pranavmaheshwari15/task_ws/build/task_urdf' returned '0': PYTHONPATH=/home/pranavmaheshwari15/task_ws/build/task_urdf/prefix_override:/usr/lib/python3/dist-packages/colcon_core/task/python/colcon_distutils_commands:/home/pranavmaheshwari15/task_ws/install/task_urdf/lib/python3.10/site-packages:${PYTHONPATH} /usr/bin/python3 -W ignore:setup.py install is deprecated -W ignore:easy_install command is deprecated setup.py develop --editable --build-directory /home/pranavmaheshwari15/task_ws/build/task_urdf/build --no-deps symlink_data --force
[1.037s] INFO:colcon.colcon_core.shell:Creating environment descriptor '/home/pranavmaheshwari15/task_ws/build/task_urdf/share/task_urdf/hook/pythonpath_develop.dsv'
[1.038s] INFO:colcon.colcon_core.shell:Creating environment hook '/home/pranavmaheshwari15/task_ws/build/task_urdf/share/task_urdf/hook/pythonpath_develop.sh'
[1.042s] Level 1:colcon.colcon_core.environment:checking '/home/pranavmaheshwari15/task_ws/install/task_urdf' for CMake module files
[1.042s] Level 1:colcon.colcon_core.environment:checking '/home/pranavmaheshwari15/task_ws/install/task_urdf' for CMake config files
[1.043s] Level 1:colcon.colcon_core.environment:checking '/home/pranavmaheshwari15/task_ws/install/task_urdf/lib'
[1.044s] Level 1:colcon.colcon_core.environment:checking '/home/pranavmaheshwari15/task_ws/install/task_urdf/bin'
[1.044s] Level 1:colcon.colcon_core.environment:checking '/home/pranavmaheshwari15/task_ws/install/task_urdf/lib/pkgconfig/task_urdf.pc'
[1.044s] Level 1:colcon.colcon_core.environment:checking '/home/pranavmaheshwari15/task_ws/install/task_urdf/lib/python3.10/site-packages'
[1.044s] Level 1:colcon.colcon_core.shell:create_environment_hook('task_urdf', 'pythonpath')
[1.045s] INFO:colcon.colcon_core.shell:Creating environment hook '/home/pranavmaheshwari15/task_ws/install/task_urdf/share/task_urdf/hook/pythonpath.ps1'
[1.045s] INFO:colcon.colcon_core.shell:Creating environment descriptor '/home/pranavmaheshwari15/task_ws/install/task_urdf/share/task_urdf/hook/pythonpath.dsv'
[1.046s] INFO:colcon.colcon_core.shell:Creating environment hook '/home/pranavmaheshwari15/task_ws/install/task_urdf/share/task_urdf/hook/pythonpath.sh'
[1.047s] Level 1:colcon.colcon_core.environment:checking '/home/pranavmaheshwari15/task_ws/install/task_urdf/bin'
[1.047s] Level 1:colcon.colcon_core.environment:create_environment_scripts_only(task_urdf)
[1.047s] INFO:colcon.colcon_core.shell:Creating package script '/home/pranavmaheshwari15/task_ws/install/task_urdf/share/task_urdf/package.ps1'
[1.049s] INFO:colcon.colcon_core.shell:Creating package descriptor '/home/pranavmaheshwari15/task_ws/install/task_urdf/share/task_urdf/package.dsv'
[1.050s] INFO:colcon.colcon_core.shell:Creating package script '/home/pranavmaheshwari15/task_ws/install/task_urdf/share/task_urdf/package.sh'
[1.052s] INFO:colcon.colcon_core.shell:Creating package script '/home/pranavmaheshwari15/task_ws/install/task_urdf/share/task_urdf/package.bash'
[1.053s] INFO:colcon.colcon_core.shell:Creating package script '/home/pranavmaheshwari15/task_ws/install/task_urdf/share/task_urdf/package.zsh'
[1.054s] Level 1:colcon.colcon_core.environment:create_file_with_runtime_dependencies(/home/pranavmaheshwari15/task_ws/install/task_urdf/share/colcon-core/packages/task_urdf)
[1.054s] DEBUG:colcon.colcon_parallel_executor.executor.parallel:closing loop
[1.054s] DEBUG:colcon.colcon_parallel_executor.executor.parallel:loop closed
[1.055s] DEBUG:colcon.colcon_parallel_executor.executor.parallel:run_until_complete finished with '0'
[1.055s] DEBUG:colcon.colcon_core.event_reactor:joining thread
[1.061s] INFO:colcon.colcon_core.plugin_system:Skipping extension 'colcon_notification.desktop_notification.terminal_notifier': Not used on non-Darwin systems
[1.061s] INFO:colcon.colcon_core.plugin_system:Skipping extension 'colcon_notification.desktop_notification.win32': Not used on non-Windows systems
[1.061s] INFO:colcon.colcon_notification.desktop_notification:Sending desktop notification using 'notify2'
[1.076s] DEBUG:colcon.colcon_core.event_reactor:joined thread
[1.077s] INFO:colcon.colcon_core.shell:Creating prefix script '/home/pranavmaheshwari15/task_ws/install/local_setup.ps1'
[1.078s] INFO:colcon.colcon_core.shell:Creating prefix util module '/home/pranavmaheshwari15/task_ws/install/_local_setup_util_ps1.py'
[1.081s] INFO:colcon.colcon_core.shell:Creating prefix chain script '/home/pranavmaheshwari15/task_ws/install/setup.ps1'
[1.083s] INFO:colcon.colcon_core.shell:Creating prefix script '/home/pranavmaheshwari15/task_ws/install/local_setup.sh'
[1.084s] INFO:colcon.colcon_core.shell:Creating prefix util module '/home/pranavmaheshwari15/task_ws/install/_local_setup_util_sh.py'
[1.085s] INFO:colcon.colcon_core.shell:Creating prefix chain script '/home/pranavmaheshwari15/task_ws/install/setup.sh'
[1.086s] INFO:colcon.colcon_core.shell:Creating prefix script '/home/pranavmaheshwari15/task_ws/install/local_setup.bash'
[1.087s] INFO:colcon.colcon_core.shell:Creating prefix chain script '/home/pranavmaheshwari15/task_ws/install/setup.bash'
[1.088s] INFO:colcon.colcon_core.shell:Creating prefix script '/home/pranavmaheshwari15/task_ws/install/local_setup.zsh'
[1.089s] INFO:colcon.colcon_core.shell:Creating prefix chain script '/home/pranavmaheshwari15/task_ws/install/setup.zsh'
