[0.385s] Invoking command in '/home/pranavmaheshwari15/task_ws/src/task_urdf': PYTHONPATH=/home/pranavmaheshwari15/task_ws/build/task_urdf/prefix_override:/usr/lib/python3/dist-packages/colcon_core/task/python/colcon_distutils_commands:/home/pranavmaheshwari15/task_ws/install/task_urdf/lib/python3.10/site-packages:${PYTHONPATH} /usr/bin/python3 -W ignore:setup.py install is deprecated -W ignore:easy_install command is deprecated setup.py egg_info --egg-base ../../build/task_urdf build --build-base /home/pranavmaheshwari15/task_ws/build/task_urdf/build install --record /home/pranavmaheshwari15/task_ws/build/task_urdf/install.log --install-scripts $base/lib/task_urdf --single-version-externally-managed install_data
[0.524s] running egg_info
[0.524s] writing ../../build/task_urdf/task_urdf.egg-info/PKG-INFO
[0.524s] writing dependency_links to ../../build/task_urdf/task_urdf.egg-info/dependency_links.txt
[0.524s] writing entry points to ../../build/task_urdf/task_urdf.egg-info/entry_points.txt
[0.524s] writing requirements to ../../build/task_urdf/task_urdf.egg-info/requires.txt
[0.525s] writing top-level names to ../../build/task_urdf/task_urdf.egg-info/top_level.txt
[0.525s] reading manifest file '../../build/task_urdf/task_urdf.egg-info/SOURCES.txt'
[0.526s] writing manifest file '../../build/task_urdf/task_urdf.egg-info/SOURCES.txt'
[0.526s] running build
[0.526s] running build_py
[0.526s] running install
[0.526s] running install_lib
[0.527s] running install_data
[0.527s] copying launch/demo.launch.py -> /home/pranavmaheshwari15/task_ws/install/task_urdf/share/task_urdf/launch
[0.527s] running install_egg_info
[0.528s] removing '/home/pranavmaheshwari15/task_ws/install/task_urdf/lib/python3.10/site-packages/task_urdf-0.0.0-py3.10.egg-info' (and everything under it)
[0.529s] Copying ../../build/task_urdf/task_urdf.egg-info to /home/pranavmaheshwari15/task_ws/install/task_urdf/lib/python3.10/site-packages/task_urdf-0.0.0-py3.10.egg-info
[0.529s] running install_scripts
[0.545s] Installing state_publisher script to /home/pranavmaheshwari15/task_ws/install/task_urdf/lib/task_urdf
[0.546s] writing list of installed files to '/home/pranavmaheshwari15/task_ws/build/task_urdf/install.log'
[0.562s] Invoked command in '/home/pranavmaheshwari15/task_ws/src/task_urdf' returned '0': PYTHONPATH=/home/pranavmaheshwari15/task_ws/build/task_urdf/prefix_override:/usr/lib/python3/dist-packages/colcon_core/task/python/colcon_distutils_commands:/home/pranavmaheshwari15/task_ws/install/task_urdf/lib/python3.10/site-packages:${PYTHONPATH} /usr/bin/python3 -W ignore:setup.py install is deprecated -W ignore:easy_install command is deprecated setup.py egg_info --egg-base ../../build/task_urdf build --build-base /home/pranavmaheshwari15/task_ws/build/task_urdf/build install --record /home/pranavmaheshwari15/task_ws/build/task_urdf/install.log --install-scripts $base/lib/task_urdf --single-version-externally-managed install_data
