[0.067s] DEBUG:colcon:Command line arguments: ['/usr/bin/colcon', 'build', '--packages-select', 'task_urdf']
[0.067s] DEBUG:colcon:Parsed command line arguments: Namespace(log_base=None, log_level=None, verb_name='build', build_base='build', install_base='install', merge_install=False, symlink_install=False, test_result_base=None, continue_on_error=False, executor='parallel', parallel_workers=14, event_handlers=None, ignore_user_meta=False, metas=['./colcon.meta'], base_paths=['.'], packages_ignore=None, packages_ignore_regex=None, paths=None, packages_up_to=None, packages_up_to_regex=None, packages_above=None, packages_above_and_dependencies=None, packages_above_depth=None, packages_select_by_dep=None, packages_skip_by_dep=None, packages_skip_up_to=None, packages_select_build_failed=False, packages_skip_build_finished=False, packages_select_test_failures=False, packages_skip_test_passed=False, packages_select=['task_urdf'], packages_skip=None, packages_select_regex=None, packages_skip_regex=None, packages_start=None, packages_end=None, allow_overriding=[], cmake_args=None, cmake_target=None, cmake_target_skip_unavailable=False, cmake_clean_cache=False, cmake_clean_first=False, cmake_force_configure=False, ament_cmake_args=None, catkin_cmake_args=None, catkin_skip_building_tests=False, mixin_files=None, mixin=None, verb_parser=<colcon_mixin.mixin.mixin_argument.MixinArgumentDecorator object at 0x7e502e5661a0>, verb_extension=<colcon_core.verb.build.BuildVerb object at 0x7e502e565c60>, main=<bound method BuildVerb.main of <colcon_core.verb.build.BuildVerb object at 0x7e502e565c60>>, mixin_verb=('build',))
[0.154s] Level 1:colcon.colcon_core.package_discovery:discover_packages(colcon_meta) check parameters
[0.154s] Level 1:colcon.colcon_core.package_discovery:discover_packages(recursive) check parameters
[0.154s] Level 1:colcon.colcon_core.package_discovery:discover_packages(ignore) check parameters
[0.154s] Level 1:colcon.colcon_core.package_discovery:discover_packages(path) check parameters
[0.154s] Level 1:colcon.colcon_core.package_discovery:discover_packages(colcon_meta) discover
[0.155s] Level 1:colcon.colcon_core.package_discovery:discover_packages(recursive) discover
[0.155s] INFO:colcon.colcon_core.package_discovery:Crawling recursively for packages in '/home/pranavmaheshwari15/task_ws'
[0.155s] Level 1:colcon.colcon_core.package_identification:_identify(.) by extensions ['ignore', 'ignore_ament_install']
[0.155s] Level 1:colcon.colcon_core.package_identification:_identify(.) by extension 'ignore'
[0.155s] Level 1:colcon.colcon_core.package_identification:_identify(.) by extension 'ignore_ament_install'
[0.155s] Level 1:colcon.colcon_core.package_identification:_identify(.) by extensions ['colcon_pkg']
[0.155s] Level 1:colcon.colcon_core.package_identification:_identify(.) by extension 'colcon_pkg'
[0.155s] Level 1:colcon.colcon_core.package_identification:_identify(.) by extensions ['colcon_meta']
[0.155s] Level 1:colcon.colcon_core.package_identification:_identify(.) by extension 'colcon_meta'
[0.155s] Level 1:colcon.colcon_core.package_identification:_identify(.) by extensions ['ros']
[0.155s] Level 1:colcon.colcon_core.package_identification:_identify(.) by extension 'ros'
[0.161s] Level 1:colcon.colcon_core.package_identification:_identify(.) by extensions ['cmake', 'python']
[0.161s] Level 1:colcon.colcon_core.package_identification:_identify(.) by extension 'cmake'
[0.161s] Level 1:colcon.colcon_core.package_identification:_identify(.) by extension 'python'
[0.161s] Level 1:colcon.colcon_core.package_identification:_identify(.) by extensions ['python_setup_py']
[0.161s] Level 1:colcon.colcon_core.package_identification:_identify(.) by extension 'python_setup_py'
[0.161s] Level 1:colcon.colcon_core.package_identification:_identify(build) by extensions ['ignore', 'ignore_ament_install']
[0.161s] Level 1:colcon.colcon_core.package_identification:_identify(build) by extension 'ignore'
[0.161s] Level 1:colcon.colcon_core.package_identification:_identify(build) ignored
[0.162s] Level 1:colcon.colcon_core.package_identification:_identify(install) by extensions ['ignore', 'ignore_ament_install']
[0.162s] Level 1:colcon.colcon_core.package_identification:_identify(install) by extension 'ignore'
[0.162s] Level 1:colcon.colcon_core.package_identification:_identify(install) ignored
[0.162s] Level 1:colcon.colcon_core.package_identification:_identify(log) by extensions ['ignore', 'ignore_ament_install']
[0.162s] Level 1:colcon.colcon_core.package_identification:_identify(log) by extension 'ignore'
[0.162s] Level 1:colcon.colcon_core.package_identification:_identify(log) ignored
[0.162s] Level 1:colcon.colcon_core.package_identification:_identify(src) by extensions ['ignore', 'ignore_ament_install']
[0.162s] Level 1:colcon.colcon_core.package_identification:_identify(src) by extension 'ignore'
[0.162s] Level 1:colcon.colcon_core.package_identification:_identify(src) by extension 'ignore_ament_install'
[0.162s] Level 1:colcon.colcon_core.package_identification:_identify(src) by extensions ['colcon_pkg']
[0.162s] Level 1:colcon.colcon_core.package_identification:_identify(src) by extension 'colcon_pkg'
[0.162s] Level 1:colcon.colcon_core.package_identification:_identify(src) by extensions ['colcon_meta']
[0.162s] Level 1:colcon.colcon_core.package_identification:_identify(src) by extension 'colcon_meta'
[0.162s] Level 1:colcon.colcon_core.package_identification:_identify(src) by extensions ['ros']
[0.162s] Level 1:colcon.colcon_core.package_identification:_identify(src) by extension 'ros'
[0.162s] Level 1:colcon.colcon_core.package_identification:_identify(src) by extensions ['cmake', 'python']
[0.162s] Level 1:colcon.colcon_core.package_identification:_identify(src) by extension 'cmake'
[0.162s] Level 1:colcon.colcon_core.package_identification:_identify(src) by extension 'python'
[0.162s] Level 1:colcon.colcon_core.package_identification:_identify(src) by extensions ['python_setup_py']
[0.162s] Level 1:colcon.colcon_core.package_identification:_identify(src) by extension 'python_setup_py'
[0.162s] Level 1:colcon.colcon_core.package_identification:_identify(src/task_urdf) by extensions ['ignore', 'ignore_ament_install']
[0.162s] Level 1:colcon.colcon_core.package_identification:_identify(src/task_urdf) by extension 'ignore'
[0.162s] Level 1:colcon.colcon_core.package_identification:_identify(src/task_urdf) by extension 'ignore_ament_install'
[0.162s] Level 1:colcon.colcon_core.package_identification:_identify(src/task_urdf) by extensions ['colcon_pkg']
[0.162s] Level 1:colcon.colcon_core.package_identification:_identify(src/task_urdf) by extension 'colcon_pkg'
[0.162s] Level 1:colcon.colcon_core.package_identification:_identify(src/task_urdf) by extensions ['colcon_meta']
[0.162s] Level 1:colcon.colcon_core.package_identification:_identify(src/task_urdf) by extension 'colcon_meta'
[0.162s] Level 1:colcon.colcon_core.package_identification:_identify(src/task_urdf) by extensions ['ros']
[0.162s] Level 1:colcon.colcon_core.package_identification:_identify(src/task_urdf) by extension 'ros'
[0.164s] DEBUG:colcon.colcon_core.package_identification:Package 'src/task_urdf' with type 'ros.ament_python' and name 'task_urdf'
[0.164s] Level 1:colcon.colcon_core.package_discovery:discover_packages(recursive) using defaults
[0.164s] Level 1:colcon.colcon_core.package_discovery:discover_packages(ignore) discover
[0.164s] Level 1:colcon.colcon_core.package_discovery:discover_packages(ignore) using defaults
[0.164s] Level 1:colcon.colcon_core.package_discovery:discover_packages(path) discover
[0.164s] Level 1:colcon.colcon_core.package_discovery:discover_packages(path) using defaults
[0.183s] Level 1:colcon.colcon_core.package_discovery:discover_packages(prefix_path) check parameters
[0.183s] Level 1:colcon.colcon_core.package_discovery:discover_packages(prefix_path) discover
[0.184s] DEBUG:colcon.colcon_installed_package_information.package_discovery:Found 1 installed packages in /home/pranavmaheshwari15/task_ws/install
[0.184s] DEBUG:colcon.colcon_installed_package_information.package_discovery:Found 330 installed packages in /opt/ros/humble
[0.185s] Level 1:colcon.colcon_core.package_discovery:discover_packages(prefix_path) using defaults
[0.209s] Level 5:colcon.colcon_core.verb:set package 'task_urdf' build argument 'cmake_args' from command line to 'None'
[0.209s] Level 5:colcon.colcon_core.verb:set package 'task_urdf' build argument 'cmake_target' from command line to 'None'
[0.209s] Level 5:colcon.colcon_core.verb:set package 'task_urdf' build argument 'cmake_target_skip_unavailable' from command line to 'False'
[0.209s] Level 5:colcon.colcon_core.verb:set package 'task_urdf' build argument 'cmake_clean_cache' from command line to 'False'
[0.209s] Level 5:colcon.colcon_core.verb:set package 'task_urdf' build argument 'cmake_clean_first' from command line to 'False'
[0.209s] Level 5:colcon.colcon_core.verb:set package 'task_urdf' build argument 'cmake_force_configure' from command line to 'False'
[0.209s] Level 5:colcon.colcon_core.verb:set package 'task_urdf' build argument 'ament_cmake_args' from command line to 'None'
[0.209s] Level 5:colcon.colcon_core.verb:set package 'task_urdf' build argument 'catkin_cmake_args' from command line to 'None'
[0.209s] Level 5:colcon.colcon_core.verb:set package 'task_urdf' build argument 'catkin_skip_building_tests' from command line to 'False'
[0.209s] DEBUG:colcon.colcon_core.verb:Building package 'task_urdf' with the following arguments: {'ament_cmake_args': None, 'build_base': '/home/pranavmaheshwari15/task_ws/build/task_urdf', 'catkin_cmake_args': None, 'catkin_skip_building_tests': False, 'cmake_args': None, 'cmake_clean_cache': False, 'cmake_clean_first': False, 'cmake_force_configure': False, 'cmake_target': None, 'cmake_target_skip_unavailable': False, 'install_base': '/home/pranavmaheshwari15/task_ws/install/task_urdf', 'merge_install': False, 'path': '/home/pranavmaheshwari15/task_ws/src/task_urdf', 'symlink_install': False, 'test_result_base': None}
[0.210s] INFO:colcon.colcon_core.executor:Executing jobs using 'parallel' executor
[0.210s] DEBUG:colcon.colcon_parallel_executor.executor.parallel:run_until_complete
[0.211s] INFO:colcon.colcon_ros.task.ament_python.build:Building ROS package in '/home/pranavmaheshwari15/task_ws/src/task_urdf' with build type 'ament_python'
[0.211s] Level 1:colcon.colcon_core.shell:create_environment_hook('task_urdf', 'ament_prefix_path')
[0.212s] INFO:colcon.colcon_core.plugin_system:Skipping extension 'colcon_core.shell.bat': Not used on non-Windows systems
[0.212s] INFO:colcon.colcon_core.shell:Creating environment hook '/home/pranavmaheshwari15/task_ws/install/task_urdf/share/task_urdf/hook/ament_prefix_path.ps1'
[0.213s] INFO:colcon.colcon_core.shell:Creating environment descriptor '/home/pranavmaheshwari15/task_ws/install/task_urdf/share/task_urdf/hook/ament_prefix_path.dsv'
[0.213s] INFO:colcon.colcon_core.shell:Creating environment hook '/home/pranavmaheshwari15/task_ws/install/task_urdf/share/task_urdf/hook/ament_prefix_path.sh'
[0.213s] INFO:colcon.colcon_core.shell:Skip shell extension 'powershell' for command environment: Not usable outside of PowerShell
[0.213s] DEBUG:colcon.colcon_core.shell:Skip shell extension 'dsv' for command environment
[0.366s] INFO:colcon.colcon_core.task.python.build:Building Python package in '/home/pranavmaheshwari15/task_ws/src/task_urdf'
[0.366s] INFO:colcon.colcon_core.shell:Skip shell extension 'powershell' for command environment: Not usable outside of PowerShell
[0.366s] DEBUG:colcon.colcon_core.shell:Skip shell extension 'dsv' for command environment
[0.581s] DEBUG:colcon.colcon_core.task.python.build:Available setuptools commands: egg_info, saveopts, build_clib, test, install, alias, bdist, rotate, sdist, bdist_rpm, install_scripts, build_ext, install_headers, upload_docs, register, bdist_dumb, bdist_egg, dist_info, easy_install, install_lib, install_data, develop, compile_catalog, build_scripts, build, init_catalog, symlink_data, update_catalog, extract_messages, install_egg_info, build_py, setopt, upload, check, clean
[0.587s] DEBUG:colcon.colcon_core.event_handler.log_command:Invoking command in '/home/pranavmaheshwari15/task_ws/src/task_urdf': PYTHONPATH=/home/pranavmaheshwari15/task_ws/build/task_urdf/prefix_override:/usr/lib/python3/dist-packages/colcon_core/task/python/colcon_distutils_commands:/home/pranavmaheshwari15/task_ws/install/task_urdf/lib/python3.10/site-packages:${PYTHONPATH} /usr/bin/python3 -W ignore:setup.py install is deprecated -W ignore:easy_install command is deprecated setup.py egg_info --egg-base ../../build/task_urdf build --build-base /home/pranavmaheshwari15/task_ws/build/task_urdf/build install --record /home/pranavmaheshwari15/task_ws/build/task_urdf/install.log --install-scripts $base/lib/task_urdf --single-version-externally-managed install_data
[0.768s] DEBUG:colcon.colcon_core.event_handler.log_command:Invoked command in '/home/pranavmaheshwari15/task_ws/src/task_urdf' returned '0': PYTHONPATH=/home/pranavmaheshwari15/task_ws/build/task_urdf/prefix_override:/usr/lib/python3/dist-packages/colcon_core/task/python/colcon_distutils_commands:/home/pranavmaheshwari15/task_ws/install/task_urdf/lib/python3.10/site-packages:${PYTHONPATH} /usr/bin/python3 -W ignore:setup.py install is deprecated -W ignore:easy_install command is deprecated setup.py egg_info --egg-base ../../build/task_urdf build --build-base /home/pranavmaheshwari15/task_ws/build/task_urdf/build install --record /home/pranavmaheshwari15/task_ws/build/task_urdf/install.log --install-scripts $base/lib/task_urdf --single-version-externally-managed install_data
[0.771s] Level 1:colcon.colcon_core.environment:checking '/home/pranavmaheshwari15/task_ws/install/task_urdf' for CMake module files
[0.772s] Level 1:colcon.colcon_core.environment:checking '/home/pranavmaheshwari15/task_ws/install/task_urdf' for CMake config files
[0.773s] Level 1:colcon.colcon_core.environment:checking '/home/pranavmaheshwari15/task_ws/install/task_urdf/lib'
[0.773s] Level 1:colcon.colcon_core.environment:checking '/home/pranavmaheshwari15/task_ws/install/task_urdf/bin'
[0.773s] Level 1:colcon.colcon_core.environment:checking '/home/pranavmaheshwari15/task_ws/install/task_urdf/lib/pkgconfig/task_urdf.pc'
[0.774s] Level 1:colcon.colcon_core.environment:checking '/home/pranavmaheshwari15/task_ws/install/task_urdf/lib/python3.10/site-packages'
[0.774s] Level 1:colcon.colcon_core.shell:create_environment_hook('task_urdf', 'pythonpath')
[0.774s] INFO:colcon.colcon_core.shell:Creating environment hook '/home/pranavmaheshwari15/task_ws/install/task_urdf/share/task_urdf/hook/pythonpath.ps1'
[0.775s] INFO:colcon.colcon_core.shell:Creating environment descriptor '/home/pranavmaheshwari15/task_ws/install/task_urdf/share/task_urdf/hook/pythonpath.dsv'
[0.775s] INFO:colcon.colcon_core.shell:Creating environment hook '/home/pranavmaheshwari15/task_ws/install/task_urdf/share/task_urdf/hook/pythonpath.sh'
[0.776s] Level 1:colcon.colcon_core.environment:checking '/home/pranavmaheshwari15/task_ws/install/task_urdf/bin'
[0.777s] Level 1:colcon.colcon_core.environment:create_environment_scripts_only(task_urdf)
[0.777s] INFO:colcon.colcon_core.shell:Creating package script '/home/pranavmaheshwari15/task_ws/install/task_urdf/share/task_urdf/package.ps1'
[0.779s] INFO:colcon.colcon_core.shell:Creating package descriptor '/home/pranavmaheshwari15/task_ws/install/task_urdf/share/task_urdf/package.dsv'
[0.780s] INFO:colcon.colcon_core.shell:Creating package script '/home/pranavmaheshwari15/task_ws/install/task_urdf/share/task_urdf/package.sh'
[0.781s] INFO:colcon.colcon_core.shell:Creating package script '/home/pranavmaheshwari15/task_ws/install/task_urdf/share/task_urdf/package.bash'
[0.782s] INFO:colcon.colcon_core.shell:Creating package script '/home/pranavmaheshwari15/task_ws/install/task_urdf/share/task_urdf/package.zsh'
[0.783s] Level 1:colcon.colcon_core.environment:create_file_with_runtime_dependencies(/home/pranavmaheshwari15/task_ws/install/task_urdf/share/colcon-core/packages/task_urdf)
[0.783s] DEBUG:colcon.colcon_parallel_executor.executor.parallel:closing loop
[0.784s] DEBUG:colcon.colcon_parallel_executor.executor.parallel:loop closed
[0.784s] DEBUG:colcon.colcon_parallel_executor.executor.parallel:run_until_complete finished with '0'
[0.784s] DEBUG:colcon.colcon_core.event_reactor:joining thread
[0.790s] INFO:colcon.colcon_core.plugin_system:Skipping extension 'colcon_notification.desktop_notification.terminal_notifier': Not used on non-Darwin systems
[0.790s] INFO:colcon.colcon_core.plugin_system:Skipping extension 'colcon_notification.desktop_notification.win32': Not used on non-Windows systems
[0.790s] INFO:colcon.colcon_notification.desktop_notification:Sending desktop notification using 'notify2'
[0.811s] DEBUG:colcon.colcon_core.event_reactor:joined thread
[0.811s] INFO:colcon.colcon_core.shell:Creating prefix script '/home/pranavmaheshwari15/task_ws/install/local_setup.ps1'
[0.814s] INFO:colcon.colcon_core.shell:Creating prefix util module '/home/pranavmaheshwari15/task_ws/install/_local_setup_util_ps1.py'
[0.817s] INFO:colcon.colcon_core.shell:Creating prefix chain script '/home/pranavmaheshwari15/task_ws/install/setup.ps1'
[0.819s] INFO:colcon.colcon_core.shell:Creating prefix script '/home/pranavmaheshwari15/task_ws/install/local_setup.sh'
[0.821s] INFO:colcon.colcon_core.shell:Creating prefix util module '/home/pranavmaheshwari15/task_ws/install/_local_setup_util_sh.py'
[0.822s] INFO:colcon.colcon_core.shell:Creating prefix chain script '/home/pranavmaheshwari15/task_ws/install/setup.sh'
[0.823s] INFO:colcon.colcon_core.shell:Creating prefix script '/home/pranavmaheshwari15/task_ws/install/local_setup.bash'
[0.824s] INFO:colcon.colcon_core.shell:Creating prefix chain script '/home/pranavmaheshwari15/task_ws/install/setup.bash'
[0.825s] INFO:colcon.colcon_core.shell:Creating prefix script '/home/pranavmaheshwari15/task_ws/install/local_setup.zsh'
[0.826s] INFO:colcon.colcon_core.shell:Creating prefix chain script '/home/pranavmaheshwari15/task_ws/install/setup.zsh'
