running develop
Removing /home/pranavmaheshwari15/task_ws/install/task_urdf/lib/python3.10/site-packages/task-urdf.egg-link (link to .)
running egg_info
writing ../../build/task_urdf/task_urdf.egg-info/PKG-INFO
writing dependency_links to ../../build/task_urdf/task_urdf.egg-info/dependency_links.txt
writing entry points to ../../build/task_urdf/task_urdf.egg-info/entry_points.txt
writing requirements to ../../build/task_urdf/task_urdf.egg-info/requires.txt
writing top-level names to ../../build/task_urdf/task_urdf.egg-info/top_level.txt
reading manifest file '../../build/task_urdf/task_urdf.egg-info/SOURCES.txt'
writing manifest file '../../build/task_urdf/task_urdf.egg-info/SOURCES.txt'
running build
running build_py
running install
running install_lib
creating /home/pranavmaheshwari15/task_ws/install/task_urdf/lib/python3.10/site-packages/task_urdf
copying /home/pranavmaheshwari15/task_ws/build/task_urdf/build/lib/task_urdf/state_publisher.py -> /home/pranavmaheshwari15/task_ws/install/task_urdf/lib/python3.10/site-packages/task_urdf
copying /home/pranavmaheshwari15/task_ws/build/task_urdf/build/lib/task_urdf/__init__.py -> /home/pranavmaheshwari15/task_ws/install/task_urdf/lib/python3.10/site-packages/task_urdf
byte-compiling /home/pranavmaheshwari15/task_ws/install/task_urdf/lib/python3.10/site-packages/task_urdf/state_publisher.py to state_publisher.cpython-310.pyc
byte-compiling /home/pranavmaheshwari15/task_ws/install/task_urdf/lib/python3.10/site-packages/task_urdf/__init__.py to __init__.cpython-310.pyc
running install_data
copying resource/task_urdf -> /home/pranavmaheshwari15/task_ws/install/task_urdf/share/ament_index/resource_index/packages
copying package.xml -> /home/pranavmaheshwari15/task_ws/install/task_urdf/share/task_urdf
copying launch/demo.launch.py -> /home/pranavmaheshwari15/task_ws/install/task_urdf/share/task_urdf/launch
copying urdf/sedan.xacro -> /home/pranavmaheshwari15/task_ws/install/task_urdf/share/task_urdf/urdf
copying config/controller.yaml -> /home/pranavmaheshwari15/task_ws/install/task_urdf/share/task_urdf/config
running install_egg_info
Copying ../../build/task_urdf/task_urdf.egg-info to /home/pranavmaheshwari15/task_ws/install/task_urdf/lib/python3.10/site-packages/task_urdf-0.0.0-py3.10.egg-info
running install_scripts
writing list of installed files to '/home/pranavmaheshwari15/task_ws/build/task_urdf/install.log'
