[0.407s] Invoking command in '/home/pranavmaheshwari15/task_ws/build/task_urdf': PYTHONPATH=/home/pranavmaheshwari15/task_ws/build/task_urdf/prefix_override:/usr/lib/python3/dist-packages/colcon_core/task/python/colcon_distutils_commands:/home/pranavmaheshwari15/task_ws/install/task_urdf/lib/python3.10/site-packages:${PYTHONPATH} /usr/bin/python3 -W ignore:setup.py install is deprecated -W ignore:easy_install command is deprecated setup.py develop --uninstall --editable --build-directory /home/pranavmaheshwari15/task_ws/build/task_urdf/build
[0.562s] running develop
[0.643s] Removing /home/pranavmaheshwari15/task_ws/install/task_urdf/lib/python3.10/site-packages/task-urdf.egg-link (link to .)
[0.663s] Invoked command in '/home/pranavmaheshwari15/task_ws/build/task_urdf' returned '0': PYTHONPATH=/home/pranavmaheshwari15/task_ws/build/task_urdf/prefix_override:/usr/lib/python3/dist-packages/colcon_core/task/python/colcon_distutils_commands:/home/pranavmaheshwari15/task_ws/install/task_urdf/lib/python3.10/site-packages:${PYTHONPATH} /usr/bin/python3 -W ignore:setup.py install is deprecated -W ignore:easy_install command is deprecated setup.py develop --uninstall --editable --build-directory /home/pranavmaheshwari15/task_ws/build/task_urdf/build
[0.666s] Invoking command in '/home/pranavmaheshwari15/task_ws/src/task_urdf': PYTHONPATH=/home/pranavmaheshwari15/task_ws/build/task_urdf/prefix_override:/usr/lib/python3/dist-packages/colcon_core/task/python/colcon_distutils_commands:/home/pranavmaheshwari15/task_ws/install/task_urdf/lib/python3.10/site-packages:${PYTHONPATH} /usr/bin/python3 -W ignore:setup.py install is deprecated -W ignore:easy_install command is deprecated setup.py egg_info --egg-base ../../build/task_urdf build --build-base /home/pranavmaheshwari15/task_ws/build/task_urdf/build install --record /home/pranavmaheshwari15/task_ws/build/task_urdf/install.log --install-scripts $base/lib/task_urdf --single-version-externally-managed install_data --force
[0.801s] running egg_info
[0.801s] writing ../../build/task_urdf/task_urdf.egg-info/PKG-INFO
[0.802s] writing dependency_links to ../../build/task_urdf/task_urdf.egg-info/dependency_links.txt
[0.802s] writing entry points to ../../build/task_urdf/task_urdf.egg-info/entry_points.txt
[0.802s] writing requirements to ../../build/task_urdf/task_urdf.egg-info/requires.txt
[0.802s] writing top-level names to ../../build/task_urdf/task_urdf.egg-info/top_level.txt
[0.802s] reading manifest file '../../build/task_urdf/task_urdf.egg-info/SOURCES.txt'
[0.803s] writing manifest file '../../build/task_urdf/task_urdf.egg-info/SOURCES.txt'
[0.803s] running build
[0.803s] running build_py
[0.803s] running install
[0.803s] running install_lib
[0.804s] creating /home/pranavmaheshwari15/task_ws/install/task_urdf/lib/python3.10/site-packages/task_urdf
[0.804s] copying /home/pranavmaheshwari15/task_ws/build/task_urdf/build/lib/task_urdf/state_publisher.py -> /home/pranavmaheshwari15/task_ws/install/task_urdf/lib/python3.10/site-packages/task_urdf
[0.809s] copying /home/pranavmaheshwari15/task_ws/build/task_urdf/build/lib/task_urdf/__init__.py -> /home/pranavmaheshwari15/task_ws/install/task_urdf/lib/python3.10/site-packages/task_urdf
[0.809s] byte-compiling /home/pranavmaheshwari15/task_ws/install/task_urdf/lib/python3.10/site-packages/task_urdf/state_publisher.py to state_publisher.cpython-310.pyc
[0.810s] byte-compiling /home/pranavmaheshwari15/task_ws/install/task_urdf/lib/python3.10/site-packages/task_urdf/__init__.py to __init__.cpython-310.pyc
[0.810s] running install_data
[0.810s] copying resource/task_urdf -> /home/pranavmaheshwari15/task_ws/install/task_urdf/share/ament_index/resource_index/packages
[0.810s] copying package.xml -> /home/pranavmaheshwari15/task_ws/install/task_urdf/share/task_urdf
[0.810s] copying launch/demo.launch.py -> /home/pranavmaheshwari15/task_ws/install/task_urdf/share/task_urdf/launch
[0.810s] copying urdf/sedan.xacro -> /home/pranavmaheshwari15/task_ws/install/task_urdf/share/task_urdf/urdf
[0.810s] copying config/controller.yaml -> /home/pranavmaheshwari15/task_ws/install/task_urdf/share/task_urdf/config
[0.810s] running install_egg_info
[0.811s] Copying ../../build/task_urdf/task_urdf.egg-info to /home/pranavmaheshwari15/task_ws/install/task_urdf/lib/python3.10/site-packages/task_urdf-0.0.0-py3.10.egg-info
[0.812s] running install_scripts
[0.823s] writing list of installed files to '/home/pranavmaheshwari15/task_ws/build/task_urdf/install.log'
[0.841s] Invoked command in '/home/pranavmaheshwari15/task_ws/src/task_urdf' returned '0': PYTHONPATH=/home/pranavmaheshwari15/task_ws/build/task_urdf/prefix_override:/usr/lib/python3/dist-packages/colcon_core/task/python/colcon_distutils_commands:/home/pranavmaheshwari15/task_ws/install/task_urdf/lib/python3.10/site-packages:${PYTHONPATH} /usr/bin/python3 -W ignore:setup.py install is deprecated -W ignore:easy_install command is deprecated setup.py egg_info --egg-base ../../build/task_urdf build --build-base /home/pranavmaheshwari15/task_ws/build/task_urdf/build install --record /home/pranavmaheshwari15/task_ws/build/task_urdf/install.log --install-scripts $base/lib/task_urdf --single-version-externally-managed install_data --force
