[0.554s] Invoking command in '/home/pranavmaheshwari15/task_ws/build/task_urdf': PYTHONPATH=/home/pranavmaheshwari15/task_ws/build/task_urdf/prefix_override:/usr/lib/python3/dist-packages/colcon_core/task/python/colcon_distutils_commands:/home/pranavmaheshwari15/task_ws/install/task_urdf/lib/python3.10/site-packages:${PYTHONPATH} /usr/bin/python3 -W ignore:setup.py install is deprecated -W ignore:easy_install command is deprecated setup.py develop --editable --build-directory /home/pranavmaheshwari15/task_ws/build/task_urdf/build --no-deps symlink_data --force
[0.728s] running develop
[0.808s] running egg_info
[0.808s] writing task_urdf.egg-info/PKG-INFO
[0.809s] writing dependency_links to task_urdf.egg-info/dependency_links.txt
[0.809s] writing entry points to task_urdf.egg-info/entry_points.txt
[0.809s] writing requirements to task_urdf.egg-info/requires.txt
[0.809s] writing top-level names to task_urdf.egg-info/top_level.txt
[0.809s] reading manifest file 'task_urdf.egg-info/SOURCES.txt'
[0.810s] writing manifest file 'task_urdf.egg-info/SOURCES.txt'
[0.810s] running build_ext
[0.811s] Creating /home/pranavmaheshwari15/task_ws/install/task_urdf/lib/python3.10/site-packages/task-urdf.egg-link (link to .)
[0.811s] Installing state_publisher script to /home/pranavmaheshwari15/task_ws/install/task_urdf/lib/task_urdf
[0.811s] 
[0.811s] Installed /home/pranavmaheshwari15/task_ws/build/task_urdf
[0.811s] running symlink_data
[0.811s] symbolically linking /home/pranavmaheshwari15/task_ws/build/task_urdf/resource/task_urdf -> /home/pranavmaheshwari15/task_ws/install/task_urdf/share/ament_index/resource_index/packages
[0.811s] symbolically linking /home/pranavmaheshwari15/task_ws/build/task_urdf/package.xml -> /home/pranavmaheshwari15/task_ws/install/task_urdf/share/task_urdf
[0.812s] symbolically linking /home/pranavmaheshwari15/task_ws/build/task_urdf/launch/demo.launch.py -> /home/pranavmaheshwari15/task_ws/install/task_urdf/share/task_urdf/launch
[0.812s] symbolically linking /home/pranavmaheshwari15/task_ws/build/task_urdf/urdf/sedan.xacro -> /home/pranavmaheshwari15/task_ws/install/task_urdf/share/task_urdf/urdf
[0.830s] Invoked command in '/home/pranavmaheshwari15/task_ws/build/task_urdf' returned '0': PYTHONPATH=/home/pranavmaheshwari15/task_ws/build/task_urdf/prefix_override:/usr/lib/python3/dist-packages/colcon_core/task/python/colcon_distutils_commands:/home/pranavmaheshwari15/task_ws/install/task_urdf/lib/python3.10/site-packages:${PYTHONPATH} /usr/bin/python3 -W ignore:setup.py install is deprecated -W ignore:easy_install command is deprecated setup.py develop --editable --build-directory /home/pranavmaheshwari15/task_ws/build/task_urdf/build --no-deps symlink_data --force
